Auction { Seller = User { FirstName = , LastName = , UserEmail = , UserName = right_user, Password = right_password, IsLoggedIn = False, IsSeller = True }, Itemdescr = ItemDescr, Startprice = 23.95, Starttime = 2/2/2022 12:00:00 AM +00:00, Endtime = 2/2/2022 12:00:00 AM +00:00, Status = Pending }