Auction { Seller = User { FirstName = , LastName = , UserEmail = , UserName = right_username, Password = right_password, IsLoggedIn = False, IsSeller = False }, Itemdescr = ItemDescr, Startprice = 23.95, Starttime = StartTime, Endtime = EndTime }